[mm-gold.azureedge.net/evolution/index.html]
[backblue.gif]
[fade.gif]
[index.html]
[mm-gold.azureedge.net/evolution/banner/mm_evo_banner900.jpg]
[mm-gold.azureedge.net/1971/image_article/lcurv.gif]
[mm-gold.azureedge.net/1971/image_article/spacer.gif]
[mm-gold.azureedge.net/1971/image_article/rcurv.gif]
[mm-gold.azureedge.net/1971/image_article/blcurv.gif]
[mm-gold.azureedge.net/1971/image_article/brcurv.gif]
[blog.mukto-mona.com/wp-content/uploads/2009/10/sp_image-572109531-1256357059.7.delayed]
[mm-gold.azureedge.net/Special_Event_/Darwin_day/2009/images/book_cver3.jpg]
[mm-gold.azureedge.net/Special_Event_/Darwin_day/2009/images/book_cver2.jpg]
[mm-gold.azureedge.net/evolution/image/Evolutionary-Psychology.jpg]
[mm-gold.azureedge.net/evolution/QA/onlytheory.html]
[mm-gold.azureedge.net/evolution/QA/falsifiable.html]
[mm-gold.azureedge.net/evolution/QA/evolution_observation_replication.html]
[mm-gold.azureedge.net/evolution/QA/evolution_prediction.html]
[mm-gold.azureedge.net/evolution/QA/evolution_scientists.html]
[mm-gold.azureedge.net/evolution/QA/evolution_chance.html]
[mm-gold.azureedge.net/evolution/QA/evolution_thermodynamics.html]
[mm-gold.azureedge.net/evolution/QA/majority_evolution.html]
[mm-gold.azureedge.net/evolution/QA/evolution_evidence.html]
[mm-gold.azureedge.net/evolution/QA/evolution_vestigeal_organ.html]
[mm-gold.azureedge.net/evolution/QA/vestigial_functionality.html]
[mm-gold.azureedge.net/evolution/QA/ordho_bikoshito.html]
[mm-gold.azureedge.net/evolution/QA/eye_darwin.html]
[mm-gold.azureedge.net/evolution/QA/eye_complex.html]
[mm-gold.azureedge.net/evolution/QA/evolution_species.html]
[mm-gold.azureedge.net/evolution/QA/evolution_practicaluse.html]
[mm-gold.azureedge.net/evolution/QA/giraffe_wing.html]
[mm-gold.azureedge.net/evolution/QA/evolution_micro_macro.html]
[mm-gold.azureedge.net/evolution/QA/natural_selection_circular.html]
[mm-gold.azureedge.net/evolution/QA/mutation_khotikor.html]
[mm-gold.azureedge.net/evolution/QA/evolution_progressive.html]
[mm-gold.azureedge.net/evolution/QA/fish_color.html]
[mm-gold.azureedge.net/evolution/QA/human_evolution_du_ekti_hargor.html]
[mm-gold.azureedge.net/evolution/QA/radioactive_dating.html]
[mm-gold.azureedge.net/evolution/QA/human_monkey_evolution.html]
[mm-gold.azureedge.net/evolution/QA/monkey_still_there.html]
[mm-gold.azureedge.net/evolution/QA/monkey_evolution_not _again.html]
[mm-gold.azureedge.net/evolution/QA/adam-eve.html]
[mm-gold.azureedge.net/evolution/QA/evolution_sex.html]
[mm-gold.azureedge.net/evolution/QA/evolution_homosexuality.html]
[mm-gold.azureedge.net/evolution/QA/evolution_morality.html]
[mm-gold.azureedge.net/evolution/QA/biborton_maramari.html]
[mm-gold.azureedge.net/evolution/QA/social_darwinism.html]
[mm-gold.azureedge.net/evolution/QA/eugenics.html]
[mm-gold.azureedge.net/evolution/QA/incest.html]
[mm-gold.azureedge.net/evolution/QA/evolution_pastur.html]
[mm-gold.azureedge.net/evolution/QA/abiogenesis_statistics.html]
[mm-gold.azureedge.net/evolution/QA/evolution_joro.html]
[mm-gold.azureedge.net/evolution/QA/evolution_origin_life.html]
[mm-gold.azureedge.net/evolution/QA/evolution_without_abiogenesis.html]
[mm-gold.azureedge.net/evolution/QA/evolution_cell_chance.html]
[mm-gold.azureedge.net/evolution/QA/silicon_based_life.html]
[mm-gold.azureedge.net/evolution/QA/zakir_naik.html]
[mm-gold.azureedge.net/evolution/QA/ID_teach_school.html]
[mm-gold.azureedge.net/evolution/QA/first_WilliamPaley_design_physics.html]
[mm-gold.azureedge.net/evolution/QA/hoyle_boeing.html]
[mm-gold.azureedge.net/evolution/QA/behe_irreducible_complexity.html]
[mm-gold.azureedge.net/evolution/QA/noas_ark.html]
[mm-gold.azureedge.net/evolution/QA/fine-tune.html]
[mm-gold.azureedge.net/evolution/QA/designed.html]
[mm-gold.azureedge.net/evolution/QA/intelligent_design_science.html]
[mm-gold.azureedge.net/evolution/QA/first_cause.html]
[mm-gold.azureedge.net/evolution/QA/pairs.html]
[mm-gold.azureedge.net/evolution/index.html]
[blog.mukto-mona.com/wp-content/uploads/2009/10/sp_image-572109531-1256357059.html]
[mm-gold.azureedge.net/evolution/QA/biggan_dhormo_poripurok.html]
[mm-gold.azureedge.net/new_site/mukto-mona/images/index_r1_c1.gif]
[mm-gold.azureedge.net/evolution/QA/onlytheory.html]
[mm-gold.azureedge.net/evolution/image/arrow.jpg]
[mm-gold.azureedge.net/evolution/QA/falsifiable.html]
[mm-gold.azureedge.net/evolution/QA/evolution_observation_replication.html]
[mm-gold.azureedge.net/evolution/image/Xanthopanmorganii_praedicta.jpg]
[mm-gold.azureedge.net/evolution/QA/evolution_prediction.html]
[mm-gold.azureedge.net/evolution/QA/evolution_scientists.html]
[mm-gold.azureedge.net/evolution/QA/evolution_chance_files/filelist.xml]
[mm-gold.azureedge.net/evolution/QA/evolution_chance_files/image002.gif]
[mm-gold.azureedge.net/evolution/QA/evolution_chance_files/image004.gif]
[mm-gold.azureedge.net/evolution/QA/evolution_chance_files/image006.gif]
[mm-gold.azureedge.net/evolution/QA/evolution_chance.html]
[mm-gold.azureedge.net/evolution/QA/evolution_thermodynamics.html]
[mm-gold.azureedge.net/evolution/QA/majority_evolution.html]
[mm-gold.azureedge.net/evolution/QA/evolution_evidence.html]
[mm-gold.azureedge.net/evolution/image/appendix-thumb.jpg]
[mm-gold.azureedge.net/evolution/image/coccyx.jpg]
[mm-gold.azureedge.net/evolution/article/this_old_body_shubin.pdf]
[mm-gold.azureedge.net/evolution/image/hiccups.jpg]
[mm-gold.azureedge.net/evolution/QA/evolution_vestigeal_organ.html]
[mm-gold.azureedge.net/evolution/QA/vestigial_functionality.html]
[mm-gold.azureedge.net/evolution/QA/ordho_bikoshito.html]
[mm-gold.azureedge.net/evolution/QA/eye_darwin.html]
[blog.mukto-mona.com/wp-content/uploads/2010/03/variuos_eye_nature.4f.delayed]
[blog.mukto-mona.com/wp-content/uploads/2010/03/800px-modele_eye_evolution_nilsson_pelger_1994svg.png]
[mm-gold.azureedge.net/evolution/QA/eye_complex.html]
[mm-gold.azureedge.net/evolution/QA/evolution_species.html]
[mm-gold.azureedge.net/evolution/QA/evolution_practicaluse.html]
[mm-gold.azureedge.net/evolution/image/lamarkian_Giraffe.jpg]
[mm-gold.azureedge.net/evolution/image/darwinian_Giraffe_3.jpg]
[mm-gold.azureedge.net/evolution/QA/giraffe_wing.html]
[mm-gold.azureedge.net/evolution/QA/evolution_micro_macro.html]
[mm-gold.azureedge.net/evolution/QA/natural_selection_circular.html]
[mm-gold.azureedge.net/evolution/QA/mutation_khotikor.html]
[mm-gold.azureedge.net/evolution/image/laddervstree.gif]
[mm-gold.azureedge.net/evolution/image/Part1_Finches2.jpg]
[mm-gold.azureedge.net/evolution/QA/evolution_progressive.html]
[mm-gold.azureedge.net/evolution/image/cichlid.gif]
[mm-gold.azureedge.net/evolution/image/cichlid2.gif]
[sugarmtnfarm.com/blog/uploaded_images/ClownFishAnemoneDSCF0750-743421.jpg]
[mm-gold.azureedge.net/evolution/QA/fish_color.html]
[mm-gold.azureedge.net/evolution/QA/human_evolution_du_ekti_hargor.html]
[mm-gold.azureedge.net/evolution/image/Part7_Atom.jpg]
[mm-gold.azureedge.net/evolution/image/various_datings.jpg]
[mm-gold.azureedge.net/evolution/QA/radioactive_dating.html]
[blog.mukto-mona.com/wp-content/uploads/2009/10/human_ancestor_timeline.jpg]
[mm-gold.azureedge.net/evolution/image/Part9_Fig7_human_family_tree.jpg]
[mm-gold.azureedge.net/evolution/QA/human_monkey_evolution.html]
[mm-gold.azureedge.net/evolution/image/branching_ape_human.jpg]
[mm-gold.azureedge.net/evolution/QA/monkey_still_there.html]
[mm-gold.azureedge.net/evolution/QA/monkey_evolution_not _again.html]
[mm-gold.azureedge.net/evolution/QA/adam-eve.html]
[mm-gold.azureedge.net/evolution/QA/evolution_sex.html]
[mm-gold.azureedge.net/evolution/QA/evolution_homosexuality.html]
[mm-gold.azureedge.net/evolution/QA/evolution_morality.html]
[sugarmtnfarm.com/blog/uploaded_images/ClownFishAnemoneDSCF0750-752501.jpg]
[mm-gold.azureedge.net/evolution/QA/biborton_maramari.html]
[mm-gold.azureedge.net/evolution/QA/social_darwinism.html]
[mm-gold.azureedge.net/evolution/QA/eugenics.html]
[mm-gold.azureedge.net/evolution/image/habil_kabil.png]
[mm-gold.azureedge.net/evolution/QA/incest.html]
[mm-gold.azureedge.net/evolution/QA/evolution_pastur.html]
[mm-gold.azureedge.net/evolution/QA/abiogenesis_statistics.html]
[mm-gold.azureedge.net/evolution/QA/evolution_joro.html]
[mm-gold.azureedge.net/evolution/QA/evolution_origin_life.html]
[mm-gold.azureedge.net/evolution/QA/evolution_without_abiogenesis.html]
[mm-gold.azureedge.net/evolution/image/life_flow_chart.jpg]
[mm-gold.azureedge.net/evolution/QA/evolution_cell_chance.html]
[mm-gold.azureedge.net/evolution/QA/silicon_based_life.html]
[mm-gold.azureedge.net/evolution/QA/zakir_naik.html]
[mm-gold.azureedge.net/evolution/QA/ID_teach_school.html]
[mm-gold.azureedge.net/evolution/QA/first_WilliamPaley_design_physics.html]
[mm-gold.azureedge.net/evolution/QA/hoyle_boeing.html]
[mm-gold.azureedge.net/evolution/image/behe_mouseTrap.jpg]
[mm-gold.azureedge.net/evolution/QA/behe_irreducible_complexity.html]
[mm-gold.azureedge.net/evolution/image/noas-ark.jpg]
[mm-gold.azureedge.net/evolution/QA/noas_ark.html]
[mm-gold.azureedge.net/evolution/QA/fine-tune.html]
[mm-gold.azureedge.net/evolution/QA/designed.html]
[mm-gold.azureedge.net/evolution/QA/intelligent_design_science.html]
[mm-gold.azureedge.net/evolution/QA/first_cause.html]
[mm-gold.azureedge.net/evolution/QA/pairs.html]
[mm-gold.azureedge.net/evolution/QA/biggan_dhormo_poripurok.html]
[mm-gold.azureedge.net/evolution/QA/evolution_evidence.htm]
[mm-gold.azureedge.net/evolution/QA/evolution_prediction.htm]
[mm-gold.azureedge.net/evolution/QA/evolution_micro_macro.htm]
[blog.mukto-mona.com/wp-content/uploads/2010/03/variuos_eye_nature.html]
[blog.mukto-mona.com/wp-content/uploads/2010/03/800px-modele_eye_evolution_nilsson_pelger_1994svg.html]
[mm-gold.azureedge.net/evolution/QA/evolution_progressive.htm]
[blog.mukto-mona.com/wp-content/uploads/2009/10/human_ancestor_timeline.html]
[mm-gold.azureedge.net/evolution/QA/mona.com/project/Biggan_dhormo2008/index.htm]
[mm-gold.azureedge.net/evolution/QA/evolution_cell_chance.htm]
[mm-gold.azureedge.net/evolution/QA/abiogenesis_statistics.htm]
[mm-gold.azureedge.net/evolution/QA/biggan_dhormo_poripurok.htm]
[mm-gold.azureedge.net/evolution/QA/evolution_chance.htm]
[mm-gold.azureedge.net/evolution/project/muktanwesa/1st_issue/mohaplaban_ananta.html]
